
> frontend@0.1.0 build
> next build

Γû▓ Next.js 16.2.3 (Turbopack)
- Environments: .env.local

  Creating an optimized production build ...
node.exe : 
At line:1 char:1
+ & "C:\Program Files\nodejs/node.exe" "C:\Users\Agniv Dutta\AppData\Ro ...
+ ~~~~~~~~~~~~~~~~~~~~~~~~~~~~~~~~~~~~~~~~~~~~~~~~~~~~~~~~~~~~~~~~~~~~~
    + CategoryInfo          : NotSpecified: (:String) [], RemoteException
    + FullyQualifiedErrorId : NativeCommandError
 
> Build error occurred
Error: Turbopack build failed with 18 errors:
./app/map/page.tsx:1:20
You're importing a module that depends on `useEffect` into a React Server Component module. This API is only available 
in Client Components. To fix, mark the file (or its parent) with the `"use client"` directive.
    Learn more: https://nextjs.org/docs/app/api-reference/directives/use-client
[31m[1m>[0m [90m1 |[0m [36mimport[0m { useState, useEffect } [36mfrom[0m [32m"react"[0m;
  [90m  |[0m                    [31m[1m^^^^^^^^^[0m
  [90m2 |[0m [36mimport[0m { [33mVenueMapFull[0m } [36mfrom[0m [32m"@/components/venue/VenueMapFull"[0m;
  [90m3 |[0m [36mimport[0m { [33mMapDetailSheet[0m } [36mfrom[0m [32m"@/components/venue/MapDetailSheet"[0m;
  [90m4 |[0m [36mimport[0m { [33mMapLayerControls[0m } [36mfrom[0m 
[32m"@/components/venue/MapLayerControls"[0m;

Ecmascript file had an error


./app/map/page.tsx:1:10
You're importing a module that depends on `useState` into a React Server Component module. This API is only available 
in Client Components. To fix, mark the file (or its parent) with the `"use client"` directive.
    Learn more: https://nextjs.org/docs/app/api-reference/directives/use-client
[31m[1m>[0m [90m1 |[0m [36mimport[0m { useState, useEffect } [36mfrom[0m [32m"react"[0m;
  [90m  |[0m          [31m[1m^^^^^^^^[0m
  [90m2 |[0m [36mimport[0m { [33mVenueMapFull[0m } [36mfrom[0m [32m"@/components/venue/VenueMapFull"[0m;
  [90m3 |[0m [36mimport[0m { [33mMapDetailSheet[0m } [36mfrom[0m [32m"@/components/venue/MapDetailSheet"[0m;
  [90m4 |[0m [36mimport[0m { [33mMapLayerControls[0m } [36mfrom[0m 
[32m"@/components/venue/MapLayerControls"[0m;

Ecmascript file had an error


./components/queue/QueueLocationGrid.tsx:12:24
the name `ArrowRight` is defined multiple times
  [90m10 |[0m [36mimport[0m { [33mCard[0m, [33mCardContent[0m } [36mfrom[0m [32m"@/components/ui/card"[0m;
  [90m11 |[0m [36mimport[0m { [33mButton[0m } [36mfrom[0m [32m"@/components/ui/button"[0m;
[31m[1m>[0m [90m12 |[0m [36mimport[0m { [33mTimer[0m, [33mUsers[0m, [33mArrowRight[0m, [33mStar[0m, 
[33mPizza[0m, [33mCoffee[0m, [33mBeer[0m, [33mMapPin[0m, [33mCheck[0m } [36mfrom[0m [32m"lucide...[0m
  [90m   |[0m                        [31m[1m^^^^^^^^^^[0m
  [90m13 |[0m [36mimport[0m { cn } [36mfrom[0m [32m"@/lib/utils"[0m;
  [90m14 |[0m [36mimport[0m { useQueueStore } [36mfrom[0m [32m"@/stores/queueStore"[0m;
  [90m15 |[0m

Ecmascript file had an error

Import traces:
  Client Component Browser:
    ./components/queue/QueueLocationGrid.tsx [Client Component Browser]
    ./app/queue/page.tsx [Client Component Browser]
    ./app/queue/page.tsx [Server Component]

  Client Component SSR:
    ./components/queue/QueueLocationGrid.tsx [Client Component SSR]
    ./app/queue/page.tsx [Client Component SSR]
    ./app/queue/page.tsx [Server Component]


./components/queue/QueueLocationGrid.tsx:11:10
the name `Button` is defined multiple times
  [90m 9 |[0m
  [90m10 |[0m [36mimport[0m { [33mCard[0m, [33mCardContent[0m } [36mfrom[0m [32m"@/components/ui/card"[0m;
[31m[1m>[0m [90m11 |[0m [36mimport[0m { [33mButton[0m } [36mfrom[0m [32m"@/components/ui/button"[0m;
  [90m   |[0m          [31m[1m^^^^^^[0m
  [90m12 |[0m [36mimport[0m { [33mTimer[0m, [33mUsers[0m, [33mArrowRight[0m, [33mStar[0m, [33mPizza[0m, 
[33mCoffee[0m, [33mBeer[0m, [33mMapPin[0m, [33mCheck[0m } [36mfrom[0m [32m"lucide...[0m
  [90m13 |[0m [36mimport[0m { cn } [36mfrom[0m [32m"@/lib/utils"[0m;
  [90m14 |[0m [36mimport[0m { useQueueStore } [36mfrom[0m [32m"@/stores/queueStore"[0m;

Ecmascript file had an error

Import traces:
  Client Component Browser:
    ./components/queue/QueueLocationGrid.tsx [Client Component Browser]
    ./app/queue/page.tsx [Client Component Browser]
    ./app/queue/page.tsx [Server Component]

  Client Component SSR:
    ./components/queue/QueueLocationGrid.tsx [Client Component SSR]
    ./app/queue/page.tsx [Client Component SSR]
    ./app/queue/page.tsx [Server Component]


./components/queue/QueueLocationGrid.tsx:10:16
the name `CardContent` is defined multiple times
  [90m 8 |[0m [36mimport[0m { useQueueStore } [36mfrom[0m [32m"@/stores/queueStore"[0m;
  [90m 9 |[0m
[31m[1m>[0m [90m10 |[0m [36mimport[0m { [33mCard[0m, [33mCardContent[0m } [36mfrom[0m 
[32m"@/components/ui/card"[0m;
  [90m   |[0m                [31m[1m^^^^^^^^^^^[0m
  [90m11 |[0m [36mimport[0m { [33mButton[0m } [36mfrom[0m [32m"@/components/ui/button"[0m;
  [90m12 |[0m [36mimport[0m { [33mTimer[0m, [33mUsers[0m, [33mArrowRight[0m, [33mStar[0m, [33mPizza[0m, 
[33mCoffee[0m, [33mBeer[0m, [33mMapPin[0m, [33mCheck[0m } [36mfrom[0m [32m"lucide...[0m
  [90m13 |[0m [36mimport[0m { cn } [36mfrom[0m [32m"@/lib/utils"[0m;

Ecmascript file had an error

Import traces:
  Client Component Browser:
    ./components/queue/QueueLocationGrid.tsx [Client Component Browser]
    ./app/queue/page.tsx [Client Component Browser]
    ./app/queue/page.tsx [Server Component]

  Client Component SSR:
    ./components/queue/QueueLocationGrid.tsx [Client Component SSR]
    ./app/queue/page.tsx [Client Component SSR]
    ./app/queue/page.tsx [Server Component]


./components/queue/QueueLocationGrid.tsx:10:10
the name `Card` is defined multiple times
  [90m 8 |[0m [36mimport[0m { useQueueStore } [36mfrom[0m [32m"@/stores/queueStore"[0m;
  [90m 9 |[0m
[31m[1m>[0m [90m10 |[0m [36mimport[0m { [33mCard[0m, [33mCardContent[0m } [36mfrom[0m 
[32m"@/components/ui/card"[0m;
  [90m   |[0m          [31m[1m^^^^[0m
  [90m11 |[0m [36mimport[0m { [33mButton[0m } [36mfrom[0m [32m"@/components/ui/button"[0m;
  [90m12 |[0m [36mimport[0m { [33mTimer[0m, [33mUsers[0m, [33mArrowRight[0m, [33mStar[0m, [33mPizza[0m, 
[33mCoffee[0m, [33mBeer[0m, [33mMapPin[0m, [33mCheck[0m } [36mfrom[0m [32m"lucide...[0m
  [90m13 |[0m [36mimport[0m { cn } [36mfrom[0m [32m"@/lib/utils"[0m;

Ecmascript file had an error

Import traces:
  Client Component Browser:
    ./components/queue/QueueLocationGrid.tsx [Client Component Browser]
    ./app/queue/page.tsx [Client Component Browser]
    ./app/queue/page.tsx [Server Component]

  Client Component SSR:
    ./components/queue/QueueLocationGrid.tsx [Client Component SSR]
    ./app/queue/page.tsx [Client Component SSR]
    ./app/queue/page.tsx [Server Component]


./app/queue/page.tsx:15:37
the name `Info` is defined multiple times
  [90m13 |[0m [36mimport[0m { [33mQueueStatusHero[0m } [36mfrom[0m 
[32m"@/components/queue/QueueStatusHero"[0m;
  [90m14 |[0m [36mimport[0m { [33mSmartSuggestionBanner[0m } [36mfrom[0m 
[32m"@/components/queue/SmartSuggestionBanner"[0m;
[31m[1m>[0m [90m15 |[0m [36mimport[0m { [33mSearch[0m, [33mSlidersHorizontal[0m, [33mInfo[0m, 
[33mSparkles[0m } [36mfrom[0m [32m"lucide-react"[0m;
  [90m   |[0m                                     [31m[1m^^^^[0m
  [90m16 |[0m [36mimport[0m { useVenueData } [36mfrom[0m [32m"@/hooks/useVenueData"[0m;
  [90m17 |[0m [36mimport[0m { [33mWaitTime[0m } [36mfrom[0m [32m"@/types/api"[0m;
  [90m18 |[0m

Ecmascript file had an error

Import traces:
  Client Component Browser:
    ./app/queue/page.tsx [Client Component Browser]
    ./app/queue/page.tsx [Server Component]

  Client Component SSR:
    ./app/queue/page.tsx [Client Component SSR]
    ./app/queue/page.tsx [Server Component]


./app/queue/page.tsx:11:10
the name `QueueCategoryTabs` is defined multiple times
  [90m 9 |[0m [36mimport[0m { [33mWaitTime[0m } [36mfrom[0m [32m"@/types/api"[0m;
  [90m10 |[0m
[31m[1m>[0m [90m11 |[0m [36mimport[0m { [33mQueueCategoryTabs[0m } [36mfrom[0m 
[32m"@/components/queue/QueueCategoryTabs"[0m;
  [90m   |[0m          [31m[1m^^^^^^^^^^^^^^^^^[0m
  [90m12 |[0m [36mimport[0m { [33mQueueLocationGrid[0m } [36mfrom[0m 
[32m"@/components/queue/QueueLocationGrid"[0m;
  [90m13 |[0m [36mimport[0m { [33mQueueStatusHero[0m } [36mfrom[0m 
[32m"@/components/queue/QueueStatusHero"[0m;
  [90m14 |[0m [36mimport[0m { [33mSmartSuggestionBanner[0m } [36mfrom[0m 
[32m"@/components/queue/SmartSuggestionBanner"[0m;

Ecmascript file had an error

Import traces:
  Client Component Browser:
    ./app/queue/page.tsx [Client Component Browser]
    ./app/queue/page.tsx [Server Component]

  Client Component SSR:
    ./app/queue/page.tsx [Client Component SSR]
    ./app/queue/page.tsx [Server Component]


./app/queue/page.tsx:12:10
the name `QueueLocationGrid` is defined multiple times
  [90m10 |[0m
  [90m11 |[0m [36mimport[0m { [33mQueueCategoryTabs[0m } [36mfrom[0m 
[32m"@/components/queue/QueueCategoryTabs"[0m;
[31m[1m>[0m [90m12 |[0m [36mimport[0m { [33mQueueLocationGrid[0m } [36mfrom[0m 
[32m"@/components/queue/QueueLocationGrid"[0m;
  [90m   |[0m          [31m[1m^^^^^^^^^^^^^^^^^[0m
  [90m13 |[0m [36mimport[0m { [33mQueueStatusHero[0m } [36mfrom[0m 
[32m"@/components/queue/QueueStatusHero"[0m;
  [90m14 |[0m [36mimport[0m { [33mSmartSuggestionBanner[0m } [36mfrom[0m 
[32m"@/components/queue/SmartSuggestionBanner"[0m;
  [90m15 |[0m [36mimport[0m { [33mSearch[0m, [33mSlidersHorizontal[0m, [33mInfo[0m, [33mSparkles[0m } 
[36mfrom[0m [32m"lucide-react"[0m;

Ecmascript file had an error

Import traces:
  Client Component Browser:
    ./app/queue/page.tsx [Client Component Browser]
    ./app/queue/page.tsx [Server Component]

  Client Component SSR:
    ./app/queue/page.tsx [Client Component SSR]
    ./app/queue/page.tsx [Server Component]


./app/queue/page.tsx:15:10
the name `Search` is defined multiple times
  [90m13 |[0m [36mimport[0m { [33mQueueStatusHero[0m } [36mfrom[0m 
[32m"@/components/queue/QueueStatusHero"[0m;
  [90m14 |[0m [36mimport[0m { [33mSmartSuggestionBanner[0m } [36mfrom[0m 
[32m"@/components/queue/SmartSuggestionBanner"[0m;
[31m[1m>[0m [90m15 |[0m [36mimport[0m { [33mSearch[0m, [33mSlidersHorizontal[0m, [33mInfo[0m, 
[33mSparkles[0m } [36mfrom[0m [32m"lucide-react"[0m;
  [90m   |[0m          [31m[1m^^^^^^[0m
  [90m16 |[0m [36mimport[0m { useVenueData } [36mfrom[0m [32m"@/hooks/useVenueData"[0m;
  [90m17 |[0m [36mimport[0m { [33mWaitTime[0m } [36mfrom[0m [32m"@/types/api"[0m;
  [90m18 |[0m

Ecmascript file had an error

Import traces:
  Client Component Browser:
    ./app/queue/page.tsx [Client Component Browser]
    ./app/queue/page.tsx [Server Component]

  Client Component SSR:
    ./app/queue/page.tsx [Client Component SSR]
    ./app/queue/page.tsx [Server Component]


./app/queue/page.tsx:15:18
the name `SlidersHorizontal` is defined multiple times
  [90m13 |[0m [36mimport[0m { [33mQueueStatusHero[0m } [36mfrom[0m 
[32m"@/components/queue/QueueStatusHero"[0m;
  [90m14 |[0m [36mimport[0m { [33mSmartSuggestionBanner[0m } [36mfrom[0m 
[32m"@/components/queue/SmartSuggestionBanner"[0m;
[31m[1m>[0m [90m15 |[0m [36mimport[0m { [33mSearch[0m, [33mSlidersHorizontal[0m, [33mInfo[0m, 
[33mSparkles[0m } [36mfrom[0m [32m"lucide-react"[0m;
  [90m   |[0m                  [31m[1m^^^^^^^^^^^^^^^^^[0m
  [90m16 |[0m [36mimport[0m { useVenueData } [36mfrom[0m [32m"@/hooks/useVenueData"[0m;
  [90m17 |[0m [36mimport[0m { [33mWaitTime[0m } [36mfrom[0m [32m"@/types/api"[0m;
  [90m18 |[0m

Ecmascript file had an error

Import traces:
  Client Component Browser:
    ./app/queue/page.tsx [Client Component Browser]
    ./app/queue/page.tsx [Server Component]

  Client Component SSR:
    ./app/queue/page.tsx [Client Component SSR]
    ./app/queue/page.tsx [Server Component]


./components/queue/QueueLocationGrid.tsx:12:36
the name `Star` is defined multiple times
  [90m10 |[0m [36mimport[0m { [33mCard[0m, [33mCardContent[0m } [36mfrom[0m [32m"@/components/ui/card"[0m;
  [90m11 |[0m [36mimport[0m { [33mButton[0m } [36mfrom[0m [32m"@/components/ui/button"[0m;
[31m[1m>[0m [90m12 |[0m [36mimport[0m { [33mTimer[0m, [33mUsers[0m, [33mArrowRight[0m, [33mStar[0m, 
[33mPizza[0m, [33mCoffee[0m, [33mBeer[0m, [33mMapPin[0m, [33mCheck[0m } [36mfrom[0m [32m"lucide...[0m
  [90m   |[0m                                    [31m[1m^^^^[0m
  [90m13 |[0m [36mimport[0m { cn } [36mfrom[0m [32m"@/lib/utils"[0m;
  [90m14 |[0m [36mimport[0m { useQueueStore } [36mfrom[0m [32m"@/stores/queueStore"[0m;
  [90m15 |[0m

Ecmascript file had an error

Import traces:
  Client Component Browser:
    ./components/queue/QueueLocationGrid.tsx [Client Component Browser]
    ./app/queue/page.tsx [Client Component Browser]
    ./app/queue/page.tsx [Server Component]

  Client Component SSR:
    ./components/queue/QueueLocationGrid.tsx [Client Component SSR]
    ./app/queue/page.tsx [Client Component SSR]
    ./app/queue/page.tsx [Server Component]


./components/queue/QueueLocationGrid.tsx:12:10
the name `Timer` is defined multiple times
  [90m10 |[0m [36mimport[0m { [33mCard[0m, [33mCardContent[0m } [36mfrom[0m [32m"@/components/ui/card"[0m;
  [90m11 |[0m [36mimport[0m { [33mButton[0m } [36mfrom[0m [32m"@/components/ui/button"[0m;
[31m[1m>[0m [90m12 |[0m [36mimport[0m { [33mTimer[0m, [33mUsers[0m, [33mArrowRight[0m, [33mStar[0m, 
[33mPizza[0m, [33mCoffee[0m, [33mBeer[0m, [33mMapPin[0m, [33mCheck[0m } [36mfrom[0m [32m"lucide...[0m
  [90m   |[0m          [31m[1m^^^^^[0m
  [90m13 |[0m [36mimport[0m { cn } [36mfrom[0m [32m"@/lib/utils"[0m;
  [90m14 |[0m [36mimport[0m { useQueueStore } [36mfrom[0m [32m"@/stores/queueStore"[0m;
  [90m15 |[0m

Ecmascript file had an error

Import traces:
  Client Component Browser:
    ./components/queue/QueueLocationGrid.tsx [Client Component Browser]
    ./app/queue/page.tsx [Client Component Browser]
    ./app/queue/page.tsx [Server Component]

  Client Component SSR:
    ./components/queue/QueueLocationGrid.tsx [Client Component SSR]
    ./app/queue/page.tsx [Client Component SSR]
    ./app/queue/page.tsx [Server Component]


./components/queue/QueueLocationGrid.tsx:12:17
the name `Users` is defined multiple times
  [90m10 |[0m [36mimport[0m { [33mCard[0m, [33mCardContent[0m } [36mfrom[0m [32m"@/components/ui/card"[0m;
  [90m11 |[0m [36mimport[0m { [33mButton[0m } [36mfrom[0m [32m"@/components/ui/button"[0m;
[31m[1m>[0m [90m12 |[0m [36mimport[0m { [33mTimer[0m, [33mUsers[0m, [33mArrowRight[0m, [33mStar[0m, 
[33mPizza[0m, [33mCoffee[0m, [33mBeer[0m, [33mMapPin[0m, [33mCheck[0m } [36mfrom[0m [32m"lucide...[0m
  [90m   |[0m                 [31m[1m^^^^^[0m
  [90m13 |[0m [36mimport[0m { cn } [36mfrom[0m [32m"@/lib/utils"[0m;
  [90m14 |[0m [36mimport[0m { useQueueStore } [36mfrom[0m [32m"@/stores/queueStore"[0m;
  [90m15 |[0m

Ecmascript file had an error

Import traces:
  Client Component Browser:
    ./components/queue/QueueLocationGrid.tsx [Client Component Browser]
    ./app/queue/page.tsx [Client Component Browser]
    ./app/queue/page.tsx [Server Component]

  Client Component SSR:
    ./components/queue/QueueLocationGrid.tsx [Client Component SSR]
    ./app/queue/page.tsx [Client Component SSR]
    ./app/queue/page.tsx [Server Component]


./app/queue/page.tsx:17:10
the name `WaitTime` is defined multiple times
  [90m15 |[0m [36mimport[0m { [33mSearch[0m, [33mSlidersHorizontal[0m, [33mInfo[0m, [33mSparkles[0m } 
[36mfrom[0m [32m"lucide-react"[0m;
  [90m16 |[0m [36mimport[0m { useVenueData } [36mfrom[0m [32m"@/hooks/useVenueData"[0m;
[31m[1m>[0m [90m17 |[0m [36mimport[0m { [33mWaitTime[0m } [36mfrom[0m [32m"@/types/api"[0m;
  [90m   |[0m          [31m[1m^^^^^^^^[0m
  [90m18 |[0m
  [90m19 |[0m [36mexport[0m [36mdefault[0m [36mfunction[0m [33mQueuePage[0m() {
  [90m20 |[0m   [36mconst[0m [activeCategory, setActiveCategory] = useState([32m'food'[0m);

Ecmascript file had an error

Import traces:
  Client Component Browser:
    ./app/queue/page.tsx [Client Component Browser]
    ./app/queue/page.tsx [Server Component]

  Client Component SSR:
    ./app/queue/page.tsx [Client Component SSR]
    ./app/queue/page.tsx [Server Component]


./components/queue/QueueLocationGrid.tsx:13:10
the name `cn` is defined multiple times
  [90m11 |[0m [36mimport[0m { [33mButton[0m } [36mfrom[0m [32m"@/components/ui/button"[0m;
  [90m12 |[0m [36mimport[0m { [33mTimer[0m, [33mUsers[0m, [33mArrowRight[0m, [33mStar[0m, [33mPizza[0m, 
[33mCoffee[0m, [33mBeer[0m, [33mMapPin[0m, [33mCheck[0m } [36mfrom[0m [32m"lucide...[0m
[31m[1m>[0m [90m13 |[0m [36mimport[0m { cn } [36mfrom[0m [32m"@/lib/utils"[0m;
  [90m   |[0m          [31m[1m^^[0m
  [90m14 |[0m [36mimport[0m { useQueueStore } [36mfrom[0m [32m"@/stores/queueStore"[0m;
  [90m15 |[0m
  [90m16 |[0m [36minterface[0m [33mQueueLocationGridProps[0m {

Ecmascript file had an error

Import traces:
  Client Component Browser:
    ./components/queue/QueueLocationGrid.tsx [Client Component Browser]
    ./app/queue/page.tsx [Client Component Browser]
    ./app/queue/page.tsx [Server Component]

  Client Component SSR:
    ./components/queue/QueueLocationGrid.tsx [Client Component SSR]
    ./app/queue/page.tsx [Client Component SSR]
    ./app/queue/page.tsx [Server Component]


./components/queue/QueueLocationGrid.tsx:14:10
the name `useQueueStore` is defined multiple times
  [90m12 |[0m [36mimport[0m { [33mTimer[0m, [33mUsers[0m, [33mArrowRight[0m, [33mStar[0m, [33mPizza[0m, 
[33mCoffee[0m, [33mBeer[0m, [33mMapPin[0m, [33mCheck[0m } [36mfrom[0m [32m"lucide...[0m
  [90m13 |[0m [36mimport[0m { cn } [36mfrom[0m [32m"@/lib/utils"[0m;
[31m[1m>[0m [90m14 |[0m [36mimport[0m { useQueueStore } [36mfrom[0m [32m"@/stores/queueStore"[0m;
  [90m   |[0m          [31m[1m^^^^^^^^^^^^^[0m
  [90m15 |[0m
  [90m16 |[0m [36minterface[0m [33mQueueLocationGridProps[0m {
  [90m17 |[0m   locations: [33mWaitTime[0m[];

Ecmascript file had an error

Import traces:
  Client Component Browser:
    ./components/queue/QueueLocationGrid.tsx [Client Component Browser]
    ./app/queue/page.tsx [Client Component Browser]
    ./app/queue/page.tsx [Server Component]

  Client Component SSR:
    ./components/queue/QueueLocationGrid.tsx [Client Component SSR]
    ./app/queue/page.tsx [Client Component SSR]
    ./app/queue/page.tsx [Server Component]


./app/queue/page.tsx:16:10
the name `useVenueData` is defined multiple times
  [90m14 |[0m [36mimport[0m { [33mSmartSuggestionBanner[0m } [36mfrom[0m 
[32m"@/components/queue/SmartSuggestionBanner"[0m;
  [90m15 |[0m [36mimport[0m { [33mSearch[0m, [33mSlidersHorizontal[0m, [33mInfo[0m, [33mSparkles[0m } 
[36mfrom[0m [32m"lucide-react"[0m;
[31m[1m>[0m [90m16 |[0m [36mimport[0m { useVenueData } [36mfrom[0m [32m"@/hooks/useVenueData"[0m;
  [90m   |[0m          [31m[1m^^^^^^^^^^^^[0m
  [90m17 |[0m [36mimport[0m { [33mWaitTime[0m } [36mfrom[0m [32m"@/types/api"[0m;
  [90m18 |[0m
  [90m19 |[0m [36mexport[0m [36mdefault[0m [36mfunction[0m [33mQueuePage[0m() {

Ecmascript file had an error

Import traces:
  Client Component Browser:
    ./app/queue/page.tsx [Client Component Browser]
    ./app/queue/page.tsx [Server Component]

  Client Component SSR:
    ./app/queue/page.tsx [Client Component SSR]
    ./app/queue/page.tsx [Server Component]


    at <unknown> (./app/map/page.tsx:1:20)
    at <unknown> (./app/map/page.tsx:1:10)
    at <unknown> (./components/queue/QueueLocationGrid.tsx:12:24)
    at <unknown> (./components/queue/QueueLocationGrid.tsx:11:10)
    at <unknown> (./components/queue/QueueLocationGrid.tsx:10:16)
    at <unknown> (./components/queue/QueueLocationGrid.tsx:10:10)
    at <unknown> (./app/queue/page.tsx:15:37)
    at <unknown> (./app/queue/page.tsx:11:10)
    at <unknown> (./app/queue/page.tsx:12:10)
    at <unknown> (./app/queue/page.tsx:15:10)
    at <unknown> (./app/queue/page.tsx:15:18)
    at <unknown> (./components/queue/QueueLocationGrid.tsx:12:36)
    at <unknown> (./components/queue/QueueLocationGrid.tsx:12:10)
    at <unknown> (./components/queue/QueueLocationGrid.tsx:12:17)
    at <unknown> (./app/queue/page.tsx:17:10)
    at <unknown> (./components/queue/QueueLocationGrid.tsx:13:10)
    at <unknown> (./components/queue/QueueLocationGrid.tsx:14:10)
    at <unknown> (./app/queue/page.tsx:16:10)
